{"case": "first_step", "cell": "lstm", "numerics": "mathematical", "status": "PASSED"}
{"case": "first_step", "cell": "lstm", "numerics": "fp32_state_bf16_mma", "status": "PASSED"}
{"case": "first_step", "cell": "slstm", "numerics": "mathematical", "status": "PASSED"}
{"case": "first_step", "cell": "slstm", "numerics": "fp32_state_bf16_mma", "status": "PASSED"}
{"case": "first_step", "cell": "gru", "numerics": "mathematical", "status": "PASSED"}
{"case": "first_step", "cell": "gru", "numerics": "fp32_state_bf16_mma", "status": "PASSED"}
{"case": "first_step", "cell": "elman", "numerics": "mathematical", "status": "PASSED"}
{"case": "first_step", "cell": "elman", "numerics": "fp32_state_bf16_mma", "status": "PASSED"}
{"case": "tail_batch_heads", "cell": "lstm", "numerics": "mathematical", "status": "PASSED"}
{"case": "tail_batch_heads", "cell": "lstm", "numerics": "fp32_state_bf16_mma", "status": "FAILED"}
{"case": "tail_batch_heads", "cell": "slstm", "numerics": "mathematical", "status": "PASSED"}
{"case": "tail_batch_heads", "cell": "slstm", "numerics": "fp32_state_bf16_mma", "status": "FAILED"}
{"case": "tail_batch_heads", "cell": "gru", "numerics": "mathematical", "status": "PASSED"}
{"case": "tail_batch_heads", "cell": "gru", "numerics": "fp32_state_bf16_mma", "status": "FAILED"}
{"case": "tail_batch_heads", "cell": "elman", "numerics": "mathematical", "status": "PASSED"}
{"case": "tail_batch_heads", "cell": "elman", "numerics": "fp32_state_bf16_mma", "status": "FAILED"}
{"case": "longer_chunk", "cell": "lstm", "numerics": "mathematical", "status": "PASSED"}
{"case": "longer_chunk", "cell": "lstm", "numerics": "fp32_state_bf16_mma", "status": "FAILED"}
{"case": "longer_chunk", "cell": "slstm", "numerics": "mathematical", "status": "PASSED"}
{"case": "longer_chunk", "cell": "slstm", "numerics": "fp32_state_bf16_mma", "status": "FAILED"}
{"case": "longer_chunk", "cell": "gru", "numerics": "mathematical", "status": "PASSED"}
{"case": "longer_chunk", "cell": "gru", "numerics": "fp32_state_bf16_mma", "status": "FAILED"}
{"case": "longer_chunk", "cell": "elman", "numerics": "mathematical", "status": "PASSED"}
{"case": "longer_chunk", "cell": "elman", "numerics": "fp32_state_bf16_mma", "status": "FAILED"}
{"case": "odd_chunk", "cell": "lstm", "numerics": "mathematical", "status": "PASSED"}
{"case": "odd_chunk", "cell": "lstm", "numerics": "fp32_state_bf16_mma", "status": "FAILED"}
{"case": "odd_chunk", "cell": "slstm", "numerics": "mathematical", "status": "PASSED"}
{"case": "odd_chunk", "cell": "slstm", "numerics": "fp32_state_bf16_mma", "status": "FAILED"}
{"case": "odd_chunk", "cell": "gru", "numerics": "mathematical", "status": "PASSED"}
{"case": "odd_chunk", "cell": "gru", "numerics": "fp32_state_bf16_mma", "status": "FAILED"}
{"case": "odd_chunk", "cell": "elman", "numerics": "mathematical", "status": "PASSED"}
{"case": "odd_chunk", "cell": "elman", "numerics": "fp32_state_bf16_mma", "status": "FAILED"}
{"case": "zero", "cell": "slstm", "numerics": "mathematical", "status": "PASSED"}
{"case": "zero", "cell": "slstm", "numerics": "fp32_state_bf16_mma", "status": "PASSED"}
{"case": "mixed", "cell": "slstm", "numerics": "mathematical", "status": "PASSED"}
{"case": "mixed", "cell": "slstm", "numerics": "fp32_state_bf16_mma", "status": "FAILED"}
{"case": "saturated", "cell": "slstm", "numerics": "mathematical", "status": "PASSED"}
{"case": "saturated", "cell": "slstm", "numerics": "fp32_state_bf16_mma", "status": "FAILED"}
