W1005 04:16:08.153000 7338 site-packages/torch/utils/cpp_extension.py:140] No CUDA runtime is found, using CUDA_HOME='/usr/local/cuda'
W1005 04:16:08.170000 7338 site-packages/torch/utils/cpp_extension.py:140] No CUDA runtime is found, using CUDA_HOME='/usr/local/cuda'
/root/autodl-tmp/0z5a/flashrnn2-20261005/cuda-build/d2a59193f7fcde8c539e9666e24342c5a4d939a4d19b60b5bade2ee1451a0e7a/0_gpu_info.cc: In member function ‘pybind11::dict {anonymous}::GPUInfo::gpu_info(int)’:
/root/autodl-tmp/0z5a/flashrnn2-20261005/cuda-build/d2a59193f7fcde8c539e9666e24342c5a4d939a4d19b60b5bade2ee1451a0e7a/0_gpu_info.cc:74:30: error: ‘struct cudaDeviceProp’ has no member named ‘clockRate’
   74 |     dict["clockRate"] = prop.clockRate; //*< Clock frequency in kilohertz */
      |                              ^~~~~~~~~
/root/autodl-tmp/0z5a/flashrnn2-20261005/cuda-build/d2a59193f7fcde8c539e9666e24342c5a4d939a4d19b60b5bade2ee1451a0e7a/0_gpu_info.cc:85:14: error: ‘struct cudaDeviceProp’ has no member named ‘deviceOverlap’
   85 |         prop.deviceOverlap; //*< Device can concurrently copy memory and execute
      |              ^~~~~~~~~~~~~
/root/autodl-tmp/0z5a/flashrnn2-20261005/cuda-build/d2a59193f7fcde8c539e9666e24342c5a4d939a4d19b60b5bade2ee1451a0e7a/0_gpu_info.cc:91:14: error: ‘struct cudaDeviceProp’ has no member named ‘kernelExecTimeoutEnabled’
   91 |         prop.kernelExecTimeoutEnabled; //*< Specified whether there is a run
      |              ^~~~~~~~~~~~~~~~~~~~~~~~
/root/autodl-tmp/0z5a/flashrnn2-20261005/cuda-build/d2a59193f7fcde8c539e9666e24342c5a4d939a4d19b60b5bade2ee1451a0e7a/0_gpu_info.cc:99:14: error: ‘struct cudaDeviceProp’ has no member named ‘computeMode’
   99 |         prop.computeMode; //*< Compute mode (See ::cudaComputeMode) */
      |              ^~~~~~~~~~~
/root/autodl-tmp/0z5a/flashrnn2-20261005/cuda-build/d2a59193f7fcde8c539e9666e24342c5a4d939a4d19b60b5bade2ee1451a0e7a/0_gpu_info.cc:104:14: error: ‘struct cudaDeviceProp’ has no member named ‘maxTexture1DLinear’; did you mean ‘maxTexture2DLinear’?
  104 |         prop.maxTexture1DLinear; //*< Deprecated, do not use. Use
      |              ^~~~~~~~~~~~~~~~~~
      |              maxTexture2DLinear
/root/autodl-tmp/0z5a/flashrnn2-20261005/cuda-build/d2a59193f7fcde8c539e9666e24342c5a4d939a4d19b60b5bade2ee1451a0e7a/0_gpu_info.cc:165:14: error: ‘struct cudaDeviceProp’ has no member named ‘memoryClockRate’
  165 |         prop.memoryClockRate; //*< Peak memory clock frequency in kilohertz */
      |              ^~~~~~~~~~~~~~~
/root/autodl-tmp/0z5a/flashrnn2-20261005/cuda-build/d2a59193f7fcde8c539e9666e24342c5a4d939a4d19b60b5bade2ee1451a0e7a/0_gpu_info.cc:204:14: error: ‘struct cudaDeviceProp’ has no member named ‘singleToDoublePrecisionPerfRatio’
  204 |         prop.singleToDoublePrecisionPerfRatio; //*< Ratio of single precision
      |              ^~~~~~~~~~~~~~~~~~~~~~~~~~~~~~~~
/root/autodl-tmp/0z5a/flashrnn2-20261005/cuda-build/d2a59193f7fcde8c539e9666e24342c5a4d939a4d19b60b5bade2ee1451a0e7a/0_gpu_info.cc:227:14: error: ‘struct cudaDeviceProp’ has no member named ‘cooperativeMultiDeviceLaunch’
  227 |         prop.cooperativeMultiDeviceLaunch; //*< Device can participate in
      |              ^~~~~~~~~~~~~~~~~~~~~~~~~~~~
Traceback (most recent call last):
  File "/root/miniconda3/lib/python3.12/site-packages/setuptools/_distutils/unixccompiler.py", line 188, in _compile
    self.spawn(compiler_so + cc_args + [src, '-o', obj] + extra_postargs)
  File "/root/miniconda3/lib/python3.12/site-packages/setuptools/_distutils/ccompiler.py", line 1041, in spawn
    spawn(cmd, dry_run=self.dry_run, **kwargs)
  File "/root/miniconda3/lib/python3.12/site-packages/setuptools/_distutils/spawn.py", line 68, in spawn
    raise DistutilsExecError(f"command {cmd!r} failed with exit code {exitcode}")
distutils.errors.DistutilsExecError: command '/usr/bin/gcc' failed with exit code 1

During handling of the above exception, another exception occurred:

Traceback (most recent call last):
  File "/root/autodl-tmp/0z5a/flashrnn2-20261005/source/tools/flashrnn2/qualify_baseline_build.py", line 38, in <module>
    main()
  File "/root/autodl-tmp/0z5a/flashrnn2-20261005/source/tools/flashrnn2/qualify_baseline_build.py", line 21, in main
    module = cuda_init.load(
             ^^^^^^^^^^^^^^^
  File "/root/autodl-tmp/0z5a/flashrnn2-20261005/source/flashrnn/flashrnn/cuda_init.py", line 168, in load
    mod = _load(name + suffix, sources, **myargs)
          ^^^^^^^^^^^^^^^^^^^^^^^^^^^^^^^^^^^^^^^
  File "/root/autodl-tmp/0z5a/flashrnn2-20261005/source/tools/flashrnn2/build_without_ninja.py", line 86, in load
    command.run()
  File "/root/miniconda3/lib/python3.12/site-packages/setuptools/command/build_ext.py", line 91, in run
    _build_ext.run(self)
  File "/root/miniconda3/lib/python3.12/site-packages/setuptools/_distutils/command/build_ext.py", line 359, in run
    self.build_extensions()
  File "/root/miniconda3/lib/python3.12/site-packages/torch/utils/cpp_extension.py", line 1184, in build_extensions
    build_ext.build_extensions(self)
  File "/root/miniconda3/lib/python3.12/site-packages/setuptools/_distutils/command/build_ext.py", line 479, in build_extensions
    self._build_extensions_serial()
  File "/root/miniconda3/lib/python3.12/site-packages/setuptools/_distutils/command/build_ext.py", line 505, in _build_extensions_serial
    self.build_extension(ext)
  File "/root/miniconda3/lib/python3.12/site-packages/setuptools/command/build_ext.py", line 252, in build_extension
    _build_ext.build_extension(self, ext)
  File "/root/miniconda3/lib/python3.12/site-packages/setuptools/_distutils/command/build_ext.py", line 560, in build_extension
    objects = self.compiler.compile(
              ^^^^^^^^^^^^^^^^^^^^^^
  File "/root/miniconda3/lib/python3.12/site-packages/setuptools/_distutils/ccompiler.py", line 600, in compile
    self._compile(obj, src, ext, cc_args, extra_postargs, pp_opts)
  File "/root/miniconda3/lib/python3.12/site-packages/torch/utils/cpp_extension.py", line 817, in unix_wrap_single_compile
    original_compile(obj, src, ext, cc_args, cflags, pp_opts)
  File "/root/miniconda3/lib/python3.12/site-packages/setuptools/_distutils/unixccompiler.py", line 190, in _compile
    raise CompileError(msg)
distutils.errors.CompileError: command '/usr/bin/gcc' failed with exit code 1
