Traceback (most recent call last):
  File "/root/autodl-tmp/0z5a/flashrnn2-20261005/source/tools/flashrnn2/upstream_cuda_gate.py", line 156, in <module>
    main()
  File "/root/autodl-tmp/0z5a/flashrnn2-20261005/source/tools/flashrnn2/upstream_cuda_gate.py", line 97, in main
    actual = flashrnn(gpu[0], gpu[1], gpu[2], gpu[3], config=config)
             ^^^^^^^^^^^^^^^^^^^^^^^^^^^^^^^^^^^^^^^^^^^^^^^^^^^^^^^
  File "/root/autodl-tmp/0z5a/flashrnn2-20261005/source/flashrnn/flashrnn/flashrnn.py", line 1135, in flashrnn
    h, last_h = kernel(Wx, states, R, b)
                ^^^^^^^^^^^^^^^^^^^^^^^^
  File "/root/autodl-tmp/0z5a/flashrnn2-20261005/source/flashrnn/flashrnn/flashrnn.py", line 1038, in fn
    ).apply(
      ^^^^^^
  File "/root/miniconda3/lib/python3.12/site-packages/torch/autograd/function.py", line 596, in apply
    return super().apply(*args, **kwargs)  # type: ignore[misc]
           ^^^^^^^^^^^^^^^^^^^^^^^^^^^^^^
  File "/root/miniconda3/lib/python3.12/site-packages/torch/amp/autocast_mode.py", line 504, in decorate_fwd
    return fwd(*args, **kwargs)  # pyrefly: ignore [not-callable]
           ^^^^^^^^^^^^^^^^^^^^
  File "/root/autodl-tmp/0z5a/flashrnn2-20261005/source/flashrnn/flashrnn/flashrnn.py", line 857, in forward
    states, cache_g_r, cache_g_i = flashrnn_cuda.forward(training, *inputs)
                                   ^^^^^^^^^^^^^^^^^^^^^^^^^^^^^^^^^^^^^^^^
RuntimeError: Errors during CUDA kernel calls forward.
