{"batch": 1, "case": 0, "step": 0, "checks": {"logits": {"pass": true, "max_abs": 0.0, "worst_normalized": 0.0, "failed_elements": 0}, "recurrent_state": {"pass": true, "max_abs": 0.0, "worst_normalized": 0.0, "failed_elements": 0}}, "cache_lengths": [5, 5, 5, 5, 5, 5, 5, 5, 5, 5, 5, 5, 5, 5, 5, 5, 5, 5, 5, 5, 5, 5, 5, 5], "token_equal": true, "pass": true}
{"batch": 1, "case": 0, "step": 1, "checks": {"logits": {"pass": true, "max_abs": 0.0, "worst_normalized": 0.0, "failed_elements": 0}, "recurrent_state": {"pass": true, "max_abs": 0.0, "worst_normalized": 0.0, "failed_elements": 0}}, "cache_lengths": [6, 6, 6, 6, 6, 6, 6, 6, 6, 6, 6, 6, 6, 6, 6, 6, 6, 6, 6, 6, 6, 6, 6, 6], "token_equal": true, "pass": true}
{"batch": 1, "case": 0, "step": 2, "checks": {"logits": {"pass": true, "max_abs": 0.0, "worst_normalized": 0.0, "failed_elements": 0}, "recurrent_state": {"pass": true, "max_abs": 0.0, "worst_normalized": 0.0, "failed_elements": 0}}, "cache_lengths": [7, 7, 7, 7, 7, 7, 7, 7, 7, 7, 7, 7, 7, 7, 7, 7, 7, 7, 7, 7, 7, 7, 7, 7], "token_equal": true, "pass": true}
{"batch": 1, "case": 0, "step": 3, "checks": {"logits": {"pass": true, "max_abs": 0.0, "worst_normalized": 0.0, "failed_elements": 0}, "recurrent_state": {"pass": true, "max_abs": 0.0, "worst_normalized": 0.0, "failed_elements": 0}}, "cache_lengths": [8, 8, 8, 8, 8, 8, 8, 8, 8, 8, 8, 8, 8, 8, 8, 8, 8, 8, 8, 8, 8, 8, 8, 8], "token_equal": true, "pass": true}
{"batch": 1, "case": 1, "step": 0, "checks": {"logits": {"pass": true, "max_abs": 0.0, "worst_normalized": 0.0, "failed_elements": 0}, "recurrent_state": {"pass": true, "max_abs": 0.0, "worst_normalized": 0.0, "failed_elements": 0}}, "cache_lengths": [5, 5, 5, 5, 5, 5, 5, 5, 5, 5, 5, 5, 5, 5, 5, 5, 5, 5, 5, 5, 5, 5, 5, 5], "token_equal": true, "pass": true}
{"batch": 1, "case": 1, "step": 1, "checks": {"logits": {"pass": true, "max_abs": 0.0, "worst_normalized": 0.0, "failed_elements": 0}, "recurrent_state": {"pass": true, "max_abs": 0.0, "worst_normalized": 0.0, "failed_elements": 0}}, "cache_lengths": [6, 6, 6, 6, 6, 6, 6, 6, 6, 6, 6, 6, 6, 6, 6, 6, 6, 6, 6, 6, 6, 6, 6, 6], "token_equal": true, "pass": true}
{"batch": 1, "case": 1, "step": 2, "checks": {"logits": {"pass": true, "max_abs": 0.0, "worst_normalized": 0.0, "failed_elements": 0}, "recurrent_state": {"pass": true, "max_abs": 0.0, "worst_normalized": 0.0, "failed_elements": 0}}, "cache_lengths": [7, 7, 7, 7, 7, 7, 7, 7, 7, 7, 7, 7, 7, 7, 7, 7, 7, 7, 7, 7, 7, 7, 7, 7], "token_equal": true, "pass": true}
{"batch": 1, "case": 1, "step": 3, "checks": {"logits": {"pass": true, "max_abs": 0.0, "worst_normalized": 0.0, "failed_elements": 0}, "recurrent_state": {"pass": true, "max_abs": 0.0, "worst_normalized": 0.0, "failed_elements": 0}}, "cache_lengths": [8, 8, 8, 8, 8, 8, 8, 8, 8, 8, 8, 8, 8, 8, 8, 8, 8, 8, 8, 8, 8, 8, 8, 8], "token_equal": true, "pass": true}
{"batch": 1, "case": 2, "step": 0, "checks": {"logits": {"pass": true, "max_abs": 0.0, "worst_normalized": 0.0, "failed_elements": 0}, "recurrent_state": {"pass": true, "max_abs": 0.0, "worst_normalized": 0.0, "failed_elements": 0}}, "cache_lengths": [5, 5, 5, 5, 5, 5, 5, 5, 5, 5, 5, 5, 5, 5, 5, 5, 5, 5, 5, 5, 5, 5, 5, 5], "token_equal": true, "pass": true}
{"batch": 1, "case": 2, "step": 1, "checks": {"logits": {"pass": true, "max_abs": 0.0, "worst_normalized": 0.0, "failed_elements": 0}, "recurrent_state": {"pass": true, "max_abs": 0.0, "worst_normalized": 0.0, "failed_elements": 0}}, "cache_lengths": [6, 6, 6, 6, 6, 6, 6, 6, 6, 6, 6, 6, 6, 6, 6, 6, 6, 6, 6, 6, 6, 6, 6, 6], "token_equal": true, "pass": true}
{"batch": 1, "case": 2, "step": 2, "checks": {"logits": {"pass": true, "max_abs": 0.0, "worst_normalized": 0.0, "failed_elements": 0}, "recurrent_state": {"pass": true, "max_abs": 0.0, "worst_normalized": 0.0, "failed_elements": 0}}, "cache_lengths": [7, 7, 7, 7, 7, 7, 7, 7, 7, 7, 7, 7, 7, 7, 7, 7, 7, 7, 7, 7, 7, 7, 7, 7], "token_equal": true, "pass": true}
{"batch": 1, "case": 2, "step": 3, "checks": {"logits": {"pass": true, "max_abs": 0.0, "worst_normalized": 0.0, "failed_elements": 0}, "recurrent_state": {"pass": true, "max_abs": 0.0, "worst_normalized": 0.0, "failed_elements": 0}}, "cache_lengths": [8, 8, 8, 8, 8, 8, 8, 8, 8, 8, 8, 8, 8, 8, 8, 8, 8, 8, 8, 8, 8, 8, 8, 8], "token_equal": true, "pass": true}
{"batch": 2, "case": 0, "step": 0, "checks": {"logits": {"pass": true, "max_abs": 0.0, "worst_normalized": 0.0, "failed_elements": 0}, "recurrent_state": {"pass": true, "max_abs": 0.0, "worst_normalized": 0.0, "failed_elements": 0}}, "cache_lengths": [5, 5, 5, 5, 5, 5, 5, 5, 5, 5, 5, 5, 5, 5, 5, 5, 5, 5, 5, 5, 5, 5, 5, 5], "token_equal": true, "pass": true}
{"batch": 2, "case": 0, "step": 1, "checks": {"logits": {"pass": true, "max_abs": 0.0, "worst_normalized": 0.0, "failed_elements": 0}, "recurrent_state": {"pass": true, "max_abs": 0.0, "worst_normalized": 0.0, "failed_elements": 0}}, "cache_lengths": [6, 6, 6, 6, 6, 6, 6, 6, 6, 6, 6, 6, 6, 6, 6, 6, 6, 6, 6, 6, 6, 6, 6, 6], "token_equal": true, "pass": true}
{"batch": 2, "case": 0, "step": 2, "checks": {"logits": {"pass": true, "max_abs": 0.0, "worst_normalized": 0.0, "failed_elements": 0}, "recurrent_state": {"pass": true, "max_abs": 0.0, "worst_normalized": 0.0, "failed_elements": 0}}, "cache_lengths": [7, 7, 7, 7, 7, 7, 7, 7, 7, 7, 7, 7, 7, 7, 7, 7, 7, 7, 7, 7, 7, 7, 7, 7], "token_equal": true, "pass": true}
{"batch": 2, "case": 0, "step": 3, "checks": {"logits": {"pass": true, "max_abs": 0.0, "worst_normalized": 0.0, "failed_elements": 0}, "recurrent_state": {"pass": true, "max_abs": 0.0, "worst_normalized": 0.0, "failed_elements": 0}}, "cache_lengths": [8, 8, 8, 8, 8, 8, 8, 8, 8, 8, 8, 8, 8, 8, 8, 8, 8, 8, 8, 8, 8, 8, 8, 8], "token_equal": true, "pass": true}
Traceback (most recent call last):
  File "/Users/0z5a/Documents/infra/looped-grpo-integration-20261003/.venv/lib/python3.12/site-packages/torch/serialization.py", line 1003, in save
    _save(
  File "/Users/0z5a/Documents/infra/looped-grpo-integration-20261003/.venv/lib/python3.12/site-packages/torch/serialization.py", line 1312, in _save
    zip_file.write_record(name, storage, num_bytes)
RuntimeError: ios_base::clear: unspecified iostream_category error

During handling of the above exception, another exception occurred:

Traceback (most recent call last):
  File "/Users/0z5a/Documents/infra/flashrnn2-20261005/source/tools/flashrnn2/retnet_row_linear_reference.py", line 36, in <module>
    reference_main()
  File "/Users/0z5a/Documents/infra/flashrnn2-20261005/source/tools/flashrnn2/retnet_reference_gate.py", line 145, in main
    torch.save(snapshot, path)
  File "/Users/0z5a/Documents/infra/looped-grpo-integration-20261003/.venv/lib/python3.12/site-packages/torch/serialization.py", line 1002, in save
    with _open_zipfile_writer(f) as opened_zipfile:
         ^^^^^^^^^^^^^^^^^^^^^^^
  File "/Users/0z5a/Documents/infra/looped-grpo-integration-20261003/.venv/lib/python3.12/site-packages/torch/serialization.py", line 834, in __exit__
    self.file_like.write_end_of_file()
RuntimeError: [enforce fail at inline_container.cc:672] . unexpected pos 396325056 vs 396324944
